PS C:\Users\JOLLY\git_branch> git init
Initialized empty Git repository in C:/Users/JOLLY/git_branch/.git/

PS C:\Users\JOLLY\git_branch> git branch
PS C:\Users\JOLLY\git_branch> git add .
PS C:\Users\JOLLY\git_branch> git commit -m "working on feat a"
[master (root-commit) 98bea4a] working on feat a
 1 file changed, 11 insertions(+)
 create mode 100644 feat-a.html

PS C:\Users\JOLLY\git_branch> git branch
* master

PS C:\Users\JOLLY\git_branch> git log --oneline
98bea4a (HEAD -> master) working on feat a

PS C:\Users\JOLLY\git_branch> git branch "feat-b"
PS C:\Users\JOLLY\git_branch> git branch
  feat-b
* master

PS C:\Users\JOLLY\git_branch> git checkout feat-b
Switched to branch 'feat-b'
PS C:\Users\JOLLY\git_branch> git branch
* feat-b
  master

PS C:\Users\JOLLY\git_branch> git log --oneline
98bea4a (HEAD -> feat-b, master) working on feat a

PS C:\Users\JOLLY\git_branch> git add .
PS C:\Users\JOLLY\git_branch> git commit -m "added feature b html file"
[feat-b 3f86b1e] added feature b html file
 1 file changed, 11 insertions(+)
 create mode 100644 feat-b.html

PS C:\Users\JOLLY\git_branch> git log --oneline
3f86b1e (HEAD -> feat-b) added feature b html file
98bea4a (master) working on feat a

PS C:\Users\JOLLY\git_branch> git checkout master
Switched to branch 'master'

PS C:\Users\JOLLY\git_branch> git log --oneline
98bea4a (HEAD -> master) working on feat a

PS C:\Users\JOLLY\git_branch> git checkout feat-b
Switched to branch 'feat-b'

PS C:\Users\JOLLY\git_branch> git log --oneline
3f86b1e (HEAD -> feat-b) added feature b html file
98bea4a (master) working on feat a

PS C:\Users\JOLLY\git_branch> git checkout master
Switched to branch 'master'

PS C:\Users\JOLLY\git_branch> git merge feat-b
Updating 98bea4a..3f86b1e
Fast-forward
 feat-b.html | 11 +++++++++++
 1 file changed, 11 insertions(+)
 create mode 100644 feat-b.html

PS C:\Users\JOLLY\git_branch> git log --oneline
3f86b1e (HEAD -> master, feat-b) added feature b html file
98bea4a working on feat a

PS C:\Users\JOLLY\git_branch> git log --graph
* commit 3f86b1e4c0a5a87443a931e38a750ed041928fc2 (HEAD -> master, feat-b)
| Author: Rakshanda <rakshushamin01@gmail.com>
| Date:   Sat Jun 28 17:28:58 2025 +0530
|
|     added feature b html file
|
* commit 98bea4a0230d11a68eb1fe7d3d55967ebe6f36a8

PS C:\Users\JOLLY\git_branch> git branch
  feat-b
* master

PS C:\Users\JOLLY\git_branch> git checkout -b       
error: switch `b' requires a value
PS C:\Users\JOLLY\git_branch> git checkout -b "feat-c"
Switched to a new branch 'feat-c'

PS C:\Users\JOLLY\git_branch> git branch
  feat-b
* feat-c
  master

PS C:\Users\JOLLY\git_branch> git log --oneline
3f86b1e (HEAD -> feat-c, master, feat-b) added feature b html file
98bea4a working on feat a

PS C:\Users\JOLLY\git_branch> git add .
PS C:\Users\JOLLY\git_branch> git commit -m "started working feat c"
[feat-c 98c9a54] started working feat c
 1 file changed, 11 insertions(+)
 create mode 100644 feat-c.html
PS C:\Users\JOLLY\git_branch> git add .
PS C:\Users\JOLLY\git_branch> git commit -m "added paragraph in feat c"
[feat-c 81c745f] added paragraph in feat c
 1 file changed, 1 insertion(+)
PS C:\Users\JOLLY\git_branch> git add .
PS C:\Users\JOLLY\git_branch> git commit -m "added link tag"
[feat-c b546abc] added link tag
 1 file changed, 1 insertion(+)

PS C:\Users\JOLLY\git_branch> git log --oneline
b546abc (HEAD -> feat-c) added link tag
81c745f added paragraph in feat c
98c9a54 started working feat c
3f86b1e (master, feat-b) added feature b html file
98bea4a working on feat a

PS C:\Users\JOLLY\git_branch> git branch
  feat-b
* feat-c
  master

PS C:\Users\JOLLY\git_branch> git checkout master
Switched to branch 'master'

PS C:\Users\JOLLY\git_branch> git merge feat-c
Updating 3f86b1e..b546abc
Fast-forward
 feat-c.html | 13 +++++++++++++
 1 file changed, 13 insertions(+)
 create mode 100644 feat-c.html

PS C:\Users\JOLLY\git_branch> git log --oneline
b546abc (HEAD -> master, feat-c) added link tag
81c745f added paragraph in feat c
98c9a54 started working feat c
3f86b1e (feat-b) added feature b html file
98bea4a working on feat a

PS C:\Users\JOLLY\git_branch> git checkout -b feat-d
Switched to a new branch 'feat-d'
PS C:\Users\JOLLY\git_branch> git add .
PS C:\Users\JOLLY\git_branch> git commit -m "commit-1"
[feat-d 1cbb338] commit-1
 2 files changed, 138 insertions(+)
 create mode 100644 commands.txt
 create mode 100644 feat-d.html
PS C:\Users\JOLLY\git_branch> git commit -am "commit-2"
[feat-d 9f6a7ce] commit-2
 1 file changed, 11 insertions(+)
PS C:\Users\JOLLY\git_branch> git commit -am "commit-3"
[feat-d 48d6619] commit-3
 1 file changed, 1 insertion(+), 1 deletion(-)
PS C:\Users\JOLLY\git_branch> git commit -am "commit-4"
[feat-d 4ba2df8] commit-4
 1 file changed, 1 insertion(+), 1 deletion(-)

PS C:\Users\JOLLY\git_branch> git log --oneline
4ba2df8 (HEAD -> feat-d) commit-4
48d6619 commit-3
9f6a7ce commit-2
1cbb338 commit-1
b546abc (master, feat-c) added link tag
81c745f added paragraph in feat c
98c9a54 started working feat c
3f86b1e (feat-b) added feature b html file
98bea4a working on feat a
PS C:\Users\JOLLY\git_branch> git checkout master
Switched to branch 'master'

PS C:\Users\JOLLY\git_branch> git merge --squash feat-d
Updating b546abc..4ba2df8
Fast-forward
Squash commit -- not updating HEAD
 commands.txt | 138 +++++++++++++++++++++++++++++++++++++++++++++++++++++++++++
 feat-d.html  |  11 +++++
 2 files changed, 149 insertions(+)
 create mode 100644 commands.txt
 create mode 100644 feat-d.html

PS C:\Users\JOLLY\git_branch> git log --oneline
b546abc (HEAD -> master, feat-c) added link tag
81c745f added paragraph in feat c
98c9a54 started working feat c
3f86b1e (feat-b) added feature b html file
98bea4a working on feat a

PS C:\Users\JOLLY\git_branch> git status
On branch master
Changes to be committed:
  (use "git restore --staged <file>..." to unstage)
        new file:   commands.txt
        new file:   feat-d.html

PS C:\Users\JOLLY\git_branch> git add .
PS C:\Users\JOLLY\git_branch> git commit -m "this is feat-d"
[master 857e127] this is feat-d
 2 files changed, 149 insertions(+)
 create mode 100644 commands.txt
 create mode 100644 feat-d.html

PS C:\Users\JOLLY\git_branch> git log --oneline
857e127 (HEAD -> master) this is feat-d
b546abc (feat-c) added link tag
81c745f added paragraph in feat c
98c9a54 started working feat c
3f86b1e (feat-b) added feature b html file
98bea4a working on feat a

PS C:\Users\JOLLY\git_branch> 

push the code into git repository:-
PS C:\Users\JOLLY\git_branch> git remote add origin https://github.com/rakshushamin01/webdev-cohort-opensource.git
PS C:\Users\JOLLY\git_branch> git push
fatal: The current branch master has no upstream branch.
To push the current branch and set the remote as upstream, use

    git push --set-upstream origin master

To have this happen automatically for branches without a tracking
upstream, see 'push.autoSetupRemote' in 'git help config'.


PS C:\Users\JOLLY\git_branch> git push --set-upstream origin master 
info: please complete authentication in your browser...
Enumerating objects: 19, done.
Counting objects: 100% (19/19), done.
Delta compression using up to 4 threads
Compressing objects: 100% (18/18), done.
Writing objects: 100% (19/19), 2.87 KiB | 267.00 KiB/s, done.
Total 19 (delta 8), reused 0 (delta 0), pack-reused 0 (from 0)
remote: Resolving deltas: 100% (8/8), done.
To https://github.com/rakshushamin01/webdev-cohort-opensource.git
 * [new branch]      master -> master
branch 'master' set up to track 'origin/master'.

PS C:\Users\JOLLY\git_branch> 