PS C:\Users\JOLLY\git_branch> git init
Initialized empty Git repository in C:/Users/JOLLY/git_branch/.git/

PS C:\Users\JOLLY\git_branch> git branch
PS C:\Users\JOLLY\git_branch> git add .
PS C:\Users\JOLLY\git_branch> git commit -m "working on feat a"
[master (root-commit) 98bea4a] working on feat a
 1 file changed, 11 insertions(+)
 create mode 100644 feat-a.html

PS C:\Users\JOLLY\git_branch> git branch
* master

PS C:\Users\JOLLY\git_branch> git log --oneline
98bea4a (HEAD -> master) working on feat a

PS C:\Users\JOLLY\git_branch> git branch "feat-b"
PS C:\Users\JOLLY\git_branch> git branch
  feat-b
* master

PS C:\Users\JOLLY\git_branch> git checkout feat-b
Switched to branch 'feat-b'
PS C:\Users\JOLLY\git_branch> git branch
* feat-b
  master

PS C:\Users\JOLLY\git_branch> git log --oneline
98bea4a (HEAD -> feat-b, master) working on feat a

PS C:\Users\JOLLY\git_branch> git add .
PS C:\Users\JOLLY\git_branch> git commit -m "added feature b html file"
[feat-b 3f86b1e] added feature b html file
 1 file changed, 11 insertions(+)
 create mode 100644 feat-b.html

PS C:\Users\JOLLY\git_branch> git log --oneline
3f86b1e (HEAD -> feat-b) added feature b html file
98bea4a (master) working on feat a

PS C:\Users\JOLLY\git_branch> git checkout master
Switched to branch 'master'

PS C:\Users\JOLLY\git_branch> git log --oneline
98bea4a (HEAD -> master) working on feat a

PS C:\Users\JOLLY\git_branch> git checkout feat-b
Switched to branch 'feat-b'

PS C:\Users\JOLLY\git_branch> git log --oneline
3f86b1e (HEAD -> feat-b) added feature b html file
98bea4a (master) working on feat a

PS C:\Users\JOLLY\git_branch> git checkout master
Switched to branch 'master'

PS C:\Users\JOLLY\git_branch> git merge feat-b
Updating 98bea4a..3f86b1e
Fast-forward
 feat-b.html | 11 +++++++++++
 1 file changed, 11 insertions(+)
 create mode 100644 feat-b.html

PS C:\Users\JOLLY\git_branch> git log --oneline
3f86b1e (HEAD -> master, feat-b) added feature b html file
98bea4a working on feat a

PS C:\Users\JOLLY\git_branch> git log --graph
* commit 3f86b1e4c0a5a87443a931e38a750ed041928fc2 (HEAD -> master, feat-b)
| Author: Rakshanda <rakshushamin01@gmail.com>
| Date:   Sat Jun 28 17:28:58 2025 +0530
|
|     added feature b html file
|
* commit 98bea4a0230d11a68eb1fe7d3d55967ebe6f36a8

PS C:\Users\JOLLY\git_branch> git branch
  feat-b
* master

PS C:\Users\JOLLY\git_branch> git checkout -b       
error: switch `b' requires a value
PS C:\Users\JOLLY\git_branch> git checkout -b "feat-c"
Switched to a new branch 'feat-c'

PS C:\Users\JOLLY\git_branch> git branch
  feat-b
* feat-c
  master

PS C:\Users\JOLLY\git_branch> git log --oneline
3f86b1e (HEAD -> feat-c, master, feat-b) added feature b html file
98bea4a working on feat a

PS C:\Users\JOLLY\git_branch> git add .
PS C:\Users\JOLLY\git_branch> git commit -m "started working feat c"
[feat-c 98c9a54] started working feat c
 1 file changed, 11 insertions(+)
 create mode 100644 feat-c.html
PS C:\Users\JOLLY\git_branch> git add .
PS C:\Users\JOLLY\git_branch> git commit -m "added paragraph in feat c"
[feat-c 81c745f] added paragraph in feat c
 1 file changed, 1 insertion(+)
PS C:\Users\JOLLY\git_branch> git add .
PS C:\Users\JOLLY\git_branch> git commit -m "added link tag"
[feat-c b546abc] added link tag
 1 file changed, 1 insertion(+)

PS C:\Users\JOLLY\git_branch> git log --oneline
b546abc (HEAD -> feat-c) added link tag
81c745f added paragraph in feat c
98c9a54 started working feat c
3f86b1e (master, feat-b) added feature b html file
98bea4a working on feat a

PS C:\Users\JOLLY\git_branch> git branch
  feat-b
* feat-c
  master

PS C:\Users\JOLLY\git_branch> git checkout master
Switched to branch 'master'

PS C:\Users\JOLLY\git_branch> git merge feat-c
Updating 3f86b1e..b546abc
Fast-forward
 feat-c.html | 13 +++++++++++++
 1 file changed, 13 insertions(+)
 create mode 100644 feat-c.html

PS C:\Users\JOLLY\git_branch> git log --oneline
b546abc (HEAD -> master, feat-c) added link tag
81c745f added paragraph in feat c
98c9a54 started working feat c
3f86b1e (feat-b) added feature b html file
98bea4a working on feat a

PS C:\Users\JOLLY\git_branch> 